// Jest Snapshot v1, https://goo.gl/fbAQLP

exports[`Canvas component Render endgame popup correctly 1`] = `
<div>
  <div>
    I do not know what went wrong but they are here again
    <br />
    They will hunt you down
    <br />
    Fight for your life
    <div>
      <button
        onClick={[Function]}
        type="button"
      >
        Try your best
      </button>
    </div>
  </div>
  <canvas
    id="board"
    onClick={[Function]}
  />
</div>
`;

exports[`Canvas component Render itself correctly 1`] = `
<div>
  <div>
    I do not know what went wrong but they are here again
    <br />
    They will hunt you down
    <br />
    Fight for your life
    <div>
      <button
        onClick={[Function]}
        type="button"
      >
        Try your best
      </button>
    </div>
  </div>
  <canvas
    id="board"
    onClick={[Function]}
  />
</div>
`;
