// Jest Snapshot v1, https://goo.gl/fbAQLP

exports[`Error Boundary component Render children when there are no errors 1`] = `
<button
  className=""
  disabled={false}
  type="button"
>
  Oh hi
</button>
`;

exports[`Error Boundary component Render fallback UI when there is an error 1`] = `
<div>
  <h2
    className=""
  >
    Oops
  </h2>
  <div>
    <div
      className=""
    >
      <p>
        Something went wrong
      </p>
      <p>
        Try to refresh page or visit another one.
      </p>
    </div>
  </div>
</div>
`;
